gcc -g p2original.c
gdb a.out
GNU gdb (Ubuntu 8.1.1-0ubuntu1) 8.1.1
Copyright (C) 2018 Free Software Foundation, Inc.
License GPLv3+: GNU GPL version 3 or later <http://gnu.org/licenses/gpl.html>
This is free software: you are free to change and redistribute it.
There is NO WARRANTY, to the extent permitted by law.  Type "show copying"
and "show warranty" for details.
This GDB was configured as "x86_64-linux-gnu".
Type "show configuration" for configuration details.
For bug reporting instructions, please see:
<http://www.gnu.org/software/gdb/bugs/>.
Find the GDB manual and other documentation resources online at:
<http://www.gnu.org/software/gdb/documentation/>.
For help, type "help".
Type "apropos word" to search for commands related to "word"...
Reading symbols from a.out...done.
(gdb) b main
Breakpoint 1 at 0x826: file p2original.c, line 25.
(gdb) r
Starting program: /home/runner/pps-IA1-practice/a.out 
warning: Error disabling address space randomization: Operation not permitted

Breakpoint 1, main () at p2original.c:25
25    x=input();
(gdb) s
input () at p2original.c:3
3   {
(gdb) n
5     printf("enter value\n");
(gdb) n
enter value
6     scanf("%d",&a);
(gdb) n
5
7     return a;
(gdb) n
8   }
(gdb) n
main () at p2original.c:26
26    y=input();
(gdb) s
input () at p2original.c:3
3   {
(gdb) n
5     printf("enter value\n");
(gdb) n
enter value
6     scanf("%d",&a);
(gdb) n
6
7     return a;
(gdb) n
8   }
(gdb) n
main () at p2original.c:27
27    z=input();
(gdb) s
input () at p2original.c:3
3   {
(gdb) n
5     printf("enter value\n");
(gdb) n
enter value
6     scanf("%d",&a);
(gdb) n
7
7     return a;
(gdb) n
8   }
(gdb) n
main () at p2original.c:28
28    big=cmp(x,y,z);
(gdb) s
cmp (a=5, b=6, c=7) at p2original.c:11
11    if((a>b)&&(a>c))
(gdb) n
13    else if((b>a)&&(b>c))
(gdb) n
16    return c;
(gdb) n
17  }
(gdb) n
main () at p2original.c:29
29    output(big);
(gdb) s
output (big=7) at p2original.c:20
20    printf("biggest number is %d",big);
(gdb) n
21  }
(gdb) n
main () at p2original.c:30
30    return 0;
(gdb) c
Continuing.
biggest number is 7[Inferior 1 (process 293) exited normally]
(gdb)