gcc -g p7final.c
gdb a.out
GNU gdb (Ubuntu 8.1.1-0ubuntu1) 8.1.1
Copyright (C) 2018 Free Software Foundation, Inc.
License GPLv3+: GNU GPL version 3 or later <http://gnu.org/licenses/gpl.html>
This is free software: you are free to change and redistribute it.
There is NO WARRANTY, to the extent permitted by law.  Type "show copying"
and "show warranty" for details.
This GDB was configured as "x86_64-linux-gnu".
Type "show configuration" for configuration details.
For bug reporting instructions, please see:
<http://www.gnu.org/software/gdb/bugs/>.
Find the GDB manual and other documentation resources online at:
<http://www.gnu.org/software/gdb/documentation/>.
For help, type "help".
Type "apropos word" to search for commands related to "word"...
Reading symbols from a.out...done.
(gdb) b main
Breakpoint 1 at 0x89c: file p7final.c, line 32.
(gdb) r
Starting program: /home/runner/pps-IA1-practice/a.out 
warning: Error disabling address space randomization: Operation not permitted

Breakpoint 1, main () at p7final.c:32
32    a=input();
(gdb) s
input () at p7final.c:9
9   {
(gdb) n
11    printf("enter the real number\n");
(gdb) n
enter the real number
12    scanf("%f",&a.real);
(gdb) n
2
13    printf("enter the imaginary number\n");
(gdb) n
enter the imaginary number
14    scanf("%f",&a.imaginary);
(gdb) n
3
15    return a;
(gdb) n
16  }
(gdb) n
main () at p7final.c:33
33    b=input();
(gdb) s
input () at p7final.c:9
9   {
(gdb) n
11    printf("enter the real number\n");
(gdb) n
enter the real number
12    scanf("%f",&a.real);
(gdb) n
4
13    printf("enter the imaginary number\n");
(gdb) n
enter the imaginary number
14    scanf("%f",&a.imaginary);
(gdb) n
5
15    return a;
(gdb) n
16  }
(gdb) n
main () at p7final.c:34
34    sum=add(a,b);
(gdb) s
add (a=..., b=...) at p7final.c:21
21    sum.real=a.real+b.real;
(gdb) n
22    sum.imaginary=a.imaginary+b.imaginary;
(gdb) n
23    return sum;
(gdb) n
24    }
(gdb) n
main () at p7final.c:35
35    output(a,b,sum);
(gdb) s
output (a=..., b=..., sum=...) at p7final.c:27
27    printf("sum is :\n%.1f+%.1fi+%.1f+%.1fi=%0.1f+%0.1fi",a.real,a.imaginary,b.real,b.imaginary,sum.real,sum.imaginary);
(gdb) n
sum is :
28  }
(gdb) n
main () at p7final.c:36
36    return 0;
(gdb) c
Continuing.
2.0+3.0i+4.0+5.0i=6.0+8.0i[Inferior 1 (process 296) exited normally]
(gdb)